
> @figma/my-make-file@0.0.1 build
> next build

Γû▓ Next.js 16.2.6 (Turbopack)
- Environments: .env

  Creating an optimized production build ...
node.exe : Turbopack build encountered 1 
warnings:
At line:1 char:1
+ & "C:\Program Files\nodejs/node.exe" 
"C:\Program Files\nodejs/node_mo ...
+ ~~~~~~~~~~~~~~~~~~~~~~~~~~~~~~~~~~~~~~~~~~~~
~~~~~~~~~~~~~~~~~~~~~~~~~
    + CategoryInfo          : NotSpecified: ( 
   Turbopack build encountered 1 warnings::S  
  tring) [], RemoteException
    + FullyQualifiedErrorId : NativeCommandEr 
   ror
 
./src/imports/ici.png
AVIF image not supported
This version of Turbopack does not support 
AVIF images, will emit without optimization 
or encoding

Import trace:
  Client Component SSR:
    ./src/imports/ici.png
    ./src/app/pages/buyer/BuyerHome.tsx 
[Client Component SSR]
    ./src/app/pages/buyer/BuyerHome.tsx 
[Server Component]
    ./src/app/page.tsx [Server Component]


Γ£ô Compiled successfully in 21.1s
  Running TypeScript ...
Failed to type check.

./src/app/components/vendor/VendorQuotations.t
sx:92:30
Type error: Property 'lastPage' does not 
exist on type 'PaginatedResponse<Quotation>'.

  [90m90 |[0m   [36mconst[0m rfqs = 
[33mArray[0m.isArray(rfqsData?.data) ? 
rfqsData.data : [];
  [90m91 |[0m   [36mconst[0m totalRFQs = 
rfqsData?.total || [35m0[0m;
[31m[1m>[0m [90m92 |[0m   [36mconst[0m 
lastPage = rfqsData?.lastPage || [35m1[0m;
  [90m   |[0m                              
[31m[1m^[0m
  [90m93 |[0m
  [90m94 |[0m   [36mif[0m (selectedRFQ && 
rfq) {
  [90m95 |[0m     [36mconst[0m messages = 
[
Next.js build worker exited with code: 1 and 
signal: null
